[MOVING] initial checkpoint=/uio/hume/student-u79/esbrovol/fys5429/DRL-Obstacle-Avoidance/controllers/PPO/checkpoints/moving_20260530_190026_step05_moving_goal_lstm_seed04_stage01_train_13_moving_goal/final_moving_20260530_190026_step05_moving_goal_lstm_seed04_stage01_train_13_moving_goal.pth
[MOVING] stage=1/5 name=partial_moving_1
[MOVING] resume_from=/uio/hume/student-u79/esbrovol/fys5429/DRL-Obstacle-Avoidance/controllers/PPO/checkpoints/moving_20260530_190026_step05_moving_goal_lstm_seed04_stage01_train_13_moving_goal/final_moving_20260530_190026_step05_moving_goal_lstm_seed04_stage01_train_13_moving_goal.pth
[MOVING] command=/uio/hume/student-u79/esbrovol/fys5429/DRL-Obstacle-Avoidance/venv/bin/python controllers/run.py worker --arch gru --seed 2 --run-group moving_20260531_130315_step01_partial_moving_1 --resume-from /uio/hume/student-u79/esbrovol/fys5429/DRL-Obstacle-Avoidance/controllers/PPO/checkpoints/moving_20260530_190026_step05_moving_goal_lstm_seed04_stage01_train_13_moving_goal/final_moving_20260530_190026_step05_moving_goal_lstm_seed04_stage01_train_13_moving_goal.pth --worlds worlds/training/train_11_partial_moving.wbt --moving-obstacle-indices 0
[RUN] arch=gru seed=2 stage=1/1 world=/uio/hume/student-u79/esbrovol/fys5429/DRL-Obstacle-Avoidance/worlds/training/train_11_partial_moving.wbt
[RUN] resuming from /uio/hume/student-u79/esbrovol/fys5429/DRL-Obstacle-Avoidance/controllers/PPO/checkpoints/moving_20260530_190026_step05_moving_goal_lstm_seed04_stage01_train_13_moving_goal/final_moving_20260530_190026_step05_moving_goal_lstm_seed04_stage01_train_13_moving_goal.pth
INFO: PPO: Starting controller: python3 -u PPO.py
[PPO] Using architecture: GRU
[PPO] Loaded architecture: LSTM
[TRAIN][PPO] arch=LSTM weights_dir=/uio/hume/student-u79/esbrovol/fys5429/DRL-Obstacle-Avoidance/controllers/PPO/checkpoints/moving_20260531_130315_step01_partial_moving_1_gru_seed02_stage01_train_11_partial_moving final=/uio/hume/student-u79/esbrovol/fys5429/DRL-Obstacle-Avoidance/controllers/PPO/checkpoints/moving_20260531_130315_step01_partial_moving_1_gru_seed02_stage01_train_11_partial_moving/final_moving_20260531_130315_step01_partial_moving_1_gru_seed02_stage01_train_11_partial_moving.pth
[TRAIN][PPO] episodes=500 update_every=4 obs=31 act=2 cell=LSTM seq=32 burn_in=8
[TRAIN][PPO] ep=001/500 r= -500.14 avg10= -500.14 steps=2270 succ10=0.00 touch10=0.00 col10=0.00 to10=0.00 min_d= 3.83 avg_spd=1.28m/s end=low_score t=   34.5s ckpt=best
[TRAIN][PPO] ep=002/500 r= -500.45 avg10= -500.30 steps=2273 succ10=0.00 touch10=0.00 col10=0.00 to10=0.00 min_d= 3.86 avg_spd=1.28m/s end=low_score t=   68.6s
[TRAIN][PPO] ep=003/500 r= -500.20 avg10= -500.26 steps=2223 succ10=0.00 touch10=0.00 col10=0.00 to10=0.00 min_d= 3.89 avg_spd=1.29m/s end=low_score t=  102.5s
[TRAIN][PPO] ep=004/500 r= -500.00 avg10= -500.20 steps=2291 succ10=0.00 touch10=0.00 col10=0.00 to10=0.00 min_d= 3.85 avg_spd=1.29m/s end=low_score t=  148.0s ckpt=best
[TRAIN][PPO] ep=005/500 r= -500.28 avg10= -500.21 steps=2239 succ10=0.00 touch10=0.00 col10=0.00 to10=0.00 min_d= 3.79 avg_spd=1.29m/s end=low_score t=  181.9s
[TRAIN][PPO] ep=006/500 r= -500.06 avg10= -500.19 steps=2239 succ10=0.00 touch10=0.00 col10=0.00 to10=0.00 min_d= 3.78 avg_spd=1.29m/s end=low_score t=  216.2s
[TRAIN][PPO] ep=007/500 r= -500.25 avg10= -500.20 steps=2313 succ10=0.00 touch10=0.00 col10=0.00 to10=0.00 min_d= 3.84 avg_spd=1.29m/s end=low_score t=  251.1s
[TRAIN][PPO] ep=008/500 r= -500.57 avg10= -500.24 steps=2284 succ10=0.00 touch10=0.00 col10=0.00 to10=0.00 min_d= 3.86 avg_spd=1.29m/s end=low_score t=  295.7s
[TRAIN][PPO] ep=009/500 r= -500.34 avg10= -500.26 steps=2258 succ10=0.00 touch10=0.00 col10=0.00 to10=0.00 min_d= 3.89 avg_spd=1.29m/s end=low_score t=  330.6s
[TRAIN][PPO] ep=010/500 r= -500.58 avg10= -500.29 steps=2200 succ10=0.00 touch10=0.00 col10=0.00 to10=0.00 min_d= 3.88 avg_spd=1.30m/s end=low_score t=  364.3s
[TRAIN][PPO] ep=011/500 r= -500.46 avg10= -500.32 steps=2253 succ10=0.00 touch10=0.00 col10=0.00 to10=0.00 min_d= 3.82 avg_spd=1.29m/s end=low_score t=  399.1s
