[MOVING] arch=none initial checkpoint=/uio/hume/student-u79/esbrovol/fys5429/DRL-Obstacle-Avoidance/controllers/PPO/checkpoints/moving_20260531_133935_step05_moving_goal_none_seed00_stage01_train_13_moving_goal/final_moving_20260531_133935_step05_moving_goal_none_seed00_stage01_train_13_moving_goal.pth
[MOVING] stage=1/5 name=partial_moving_1
[MOVING] resume_from=/uio/hume/student-u79/esbrovol/fys5429/DRL-Obstacle-Avoidance/controllers/PPO/checkpoints/moving_20260531_133935_step05_moving_goal_none_seed00_stage01_train_13_moving_goal/final_moving_20260531_133935_step05_moving_goal_none_seed00_stage01_train_13_moving_goal.pth
[MOVING] command=/uio/hume/student-u79/esbrovol/fys5429/DRL-Obstacle-Avoidance/venv/bin/python controllers/run.py worker --arch none --seed 4 --run-group moving_20260531_230822_step01_partial_moving_1 --resume-from /uio/hume/student-u79/esbrovol/fys5429/DRL-Obstacle-Avoidance/controllers/PPO/checkpoints/moving_20260531_133935_step05_moving_goal_none_seed00_stage01_train_13_moving_goal/final_moving_20260531_133935_step05_moving_goal_none_seed00_stage01_train_13_moving_goal.pth --worlds worlds/training/train_11_partial_moving.wbt --moving-obstacle-indices 0
[RUN] arch=none seed=4 stage=1/1 world=/uio/hume/student-u79/esbrovol/fys5429/DRL-Obstacle-Avoidance/worlds/training/train_11_partial_moving.wbt
[RUN] resuming from /uio/hume/student-u79/esbrovol/fys5429/DRL-Obstacle-Avoidance/controllers/PPO/checkpoints/moving_20260531_133935_step05_moving_goal_none_seed00_stage01_train_13_moving_goal/final_moving_20260531_133935_step05_moving_goal_none_seed00_stage01_train_13_moving_goal.pth
INFO: PPO: Starting controller: python3 -u PPO.py
[PPO] Using architecture: NONE
[PPO] Loaded architecture: NONE
[TRAIN][PPO] arch=NONE weights_dir=/uio/hume/student-u79/esbrovol/fys5429/DRL-Obstacle-Avoidance/controllers/PPO/checkpoints/moving_20260531_230822_step01_partial_moving_1_none_seed04_stage01_train_11_partial_moving final=/uio/hume/student-u79/esbrovol/fys5429/DRL-Obstacle-Avoidance/controllers/PPO/checkpoints/moving_20260531_230822_step01_partial_moving_1_none_seed04_stage01_train_11_partial_moving/final_moving_20260531_230822_step01_partial_moving_1_none_seed04_stage01_train_11_partial_moving.pth
[TRAIN][PPO] episodes=500 update_every=4 obs=31 act=2 cell=NONE seq=32 burn_in=0
[TRAIN][PPO] ep=001/500 r=  161.06 avg10=  161.06 steps= 672 succ10=0.00 touch10=0.00 col10=1.00 to10=0.00 min_d= 2.29 avg_spd=2.09m/s end=collision t=    8.1s ckpt=best
[TRAIN][PPO] ep=002/500 r=  -41.78 avg10=   59.64 steps=  31 succ10=0.00 touch10=0.00 col10=1.00 to10=0.00 min_d= 3.84 avg_spd=1.31m/s end=collision t=    8.5s
[TRAIN][PPO] ep=003/500 r=  162.90 avg10=   94.06 steps= 676 succ10=0.00 touch10=0.00 col10=1.00 to10=0.00 min_d= 2.33 avg_spd=2.09m/s end=collision t=   16.0s ckpt=best
[TRAIN][PPO] ep=004/500 r=  162.00 avg10=  111.05 steps= 674 succ10=0.00 touch10=0.00 col10=1.00 to10=0.00 min_d= 2.28 avg_spd=2.07m/s end=collision t=   24.8s
[TRAIN][PPO] ep=005/500 r=  158.38 avg10=  120.51 steps= 677 succ10=0.00 touch10=0.00 col10=1.00 to10=0.00 min_d= 2.32 avg_spd=2.10m/s end=collision t=   32.9s
[TRAIN][PPO] ep=006/500 r=  167.26 avg10=  128.30 steps= 679 succ10=0.00 touch10=0.00 col10=1.00 to10=0.00 min_d= 2.33 avg_spd=2.12m/s end=collision t=   41.0s ckpt=best
[TRAIN][PPO] ep=007/500 r=  309.47 avg10=  154.19 steps=1175 succ10=0.00 touch10=0.00 col10=1.00 to10=0.00 min_d= 1.10 avg_spd=2.16m/s end=collision t=   55.0s ckpt=best
[TRAIN][PPO] ep=008/500 r=  161.45 avg10=  155.09 steps= 676 succ10=0.00 touch10=0.00 col10=1.00 to10=0.00 min_d= 2.33 avg_spd=2.13m/s end=collision t=   63.7s
[TRAIN][PPO] ep=009/500 r=  164.79 avg10=  156.17 steps= 678 succ10=0.00 touch10=0.00 col10=1.00 to10=0.00 min_d= 2.31 avg_spd=2.15m/s end=collision t=   71.5s
[TRAIN][PPO] ep=010/500 r=  163.42 avg10=  156.90 steps= 681 succ10=0.00 touch10=0.00 col10=1.00 to10=0.00 min_d= 2.23 avg_spd=2.17m/s end=collision t=   79.6s
[TRAIN][PPO] ep=011/500 r=  162.30 avg10=  157.02 steps= 679 succ10=0.00 touch10=0.00 col10=1.00 to10=0.00 min_d= 2.33 avg_spd=2.15m/s end=collision t=   87.8s
[TRAIN][PPO] ep=012/500 r=  162.28 avg10=  177.42 steps= 676 succ10=0.00 touch10=0.00 col10=1.00 to10=0.00 min_d= 2.30 avg_spd=2.10m/s end=collision t=   97.0s
[TRAIN][PPO] ep=013/500 r=  160.38 avg10=  177.17 steps= 677 succ10=0.00 touch10=0.00 col10=1.00 to10=0.00 min_d= 2.25 avg_spd=2.15m/s end=collision t=  105.2s
[TRAIN][PPO] ep=014/500 r=  158.60 avg10=  176.83 steps= 673 succ10=0.00 touch10=0.00 col10=1.00 to10=0.00 min_d= 2.28 avg_spd=2.11m/s end=collision t=  113.5s
[TRAIN][PPO] ep=015/500 r=  162.08 avg10=  177.20 steps= 675 succ10=0.00 touch10=0.00 col10=1.00 to10=0.00 min_d= 2.30 avg_spd=2.11m/s end=collision t=  121.4s
